running egg_info
creating ../../build/robot_control_node/robot_control_node.egg-info
writing ../../build/robot_control_node/robot_control_node.egg-info/PKG-INFO
writing dependency_links to ../../build/robot_control_node/robot_control_node.egg-info/dependency_links.txt
writing entry points to ../../build/robot_control_node/robot_control_node.egg-info/entry_points.txt
writing requirements to ../../build/robot_control_node/robot_control_node.egg-info/requires.txt
writing top-level names to ../../build/robot_control_node/robot_control_node.egg-info/top_level.txt
writing manifest file '../../build/robot_control_node/robot_control_node.egg-info/SOURCES.txt'
reading manifest file '../../build/robot_control_node/robot_control_node.egg-info/SOURCES.txt'
adding license file 'LICENSE'
writing manifest file '../../build/robot_control_node/robot_control_node.egg-info/SOURCES.txt'
running build
running build_py
creating /home/manahmad/umd_loop_s1/build/robot_control_node/build
creating /home/manahmad/umd_loop_s1/build/robot_control_node/build/lib
creating /home/manahmad/umd_loop_s1/build/robot_control_node/build/lib/robot_control_node
copying robot_control_node/__init__.py -> /home/manahmad/umd_loop_s1/build/robot_control_node/build/lib/robot_control_node
copying robot_control_node/control.py -> /home/manahmad/umd_loop_s1/build/robot_control_node/build/lib/robot_control_node
running install
running install_lib
creating /home/manahmad/umd_loop_s1/install/robot_control_node/lib/python3.12/site-packages/robot_control_node
copying /home/manahmad/umd_loop_s1/build/robot_control_node/build/lib/robot_control_node/__init__.py -> /home/manahmad/umd_loop_s1/install/robot_control_node/lib/python3.12/site-packages/robot_control_node
copying /home/manahmad/umd_loop_s1/build/robot_control_node/build/lib/robot_control_node/control.py -> /home/manahmad/umd_loop_s1/install/robot_control_node/lib/python3.12/site-packages/robot_control_node
byte-compiling /home/manahmad/umd_loop_s1/install/robot_control_node/lib/python3.12/site-packages/robot_control_node/__init__.py to __init__.cpython-312.pyc
byte-compiling /home/manahmad/umd_loop_s1/install/robot_control_node/lib/python3.12/site-packages/robot_control_node/control.py to control.cpython-312.pyc
running install_data
creating /home/manahmad/umd_loop_s1/install/robot_control_node/share/ament_index
creating /home/manahmad/umd_loop_s1/install/robot_control_node/share/ament_index/resource_index
creating /home/manahmad/umd_loop_s1/install/robot_control_node/share/ament_index/resource_index/packages
copying resource/robot_control_node -> /home/manahmad/umd_loop_s1/install/robot_control_node/share/ament_index/resource_index/packages
copying package.xml -> /home/manahmad/umd_loop_s1/install/robot_control_node/share/robot_control_node
running install_egg_info
Copying ../../build/robot_control_node/robot_control_node.egg-info to /home/manahmad/umd_loop_s1/install/robot_control_node/lib/python3.12/site-packages/robot_control_node-0.0.0-py3.12.egg-info
running install_scripts
Installing vehicle_controller script to /home/manahmad/umd_loop_s1/install/robot_control_node/lib/robot_control_node
writing list of installed files to '/home/manahmad/umd_loop_s1/build/robot_control_node/install.log'
