[1.114s] Invoking command in '/home/manahmad/umd_loop_s1/src/robot_control_node': PYTHONPATH=/home/manahmad/umd_loop_s1/build/robot_control_node/prefix_override:/usr/lib/python3/dist-packages/colcon_core/task/python/colcon_distutils_commands:/home/manahmad/umd_loop_s1/install/robot_control_node/lib/python3.12/site-packages:${PYTHONPATH} /usr/bin/python3 -W ignore:setup.py install is deprecated -W ignore:easy_install command is deprecated setup.py egg_info --egg-base ../../build/robot_control_node build --build-base /home/manahmad/umd_loop_s1/build/robot_control_node/build install --record /home/manahmad/umd_loop_s1/build/robot_control_node/install.log --install-scripts $base/lib/robot_control_node --single-version-externally-managed install_data
[1.481s] running egg_info
[1.481s] creating ../../build/robot_control_node/robot_control_node.egg-info
[1.505s] writing ../../build/robot_control_node/robot_control_node.egg-info/PKG-INFO
[1.505s] writing dependency_links to ../../build/robot_control_node/robot_control_node.egg-info/dependency_links.txt
[1.505s] writing entry points to ../../build/robot_control_node/robot_control_node.egg-info/entry_points.txt
[1.505s] writing requirements to ../../build/robot_control_node/robot_control_node.egg-info/requires.txt
[1.505s] writing top-level names to ../../build/robot_control_node/robot_control_node.egg-info/top_level.txt
[1.506s] writing manifest file '../../build/robot_control_node/robot_control_node.egg-info/SOURCES.txt'
[1.560s] reading manifest file '../../build/robot_control_node/robot_control_node.egg-info/SOURCES.txt'
[1.560s] adding license file 'LICENSE'
[1.564s] writing manifest file '../../build/robot_control_node/robot_control_node.egg-info/SOURCES.txt'
[1.564s] running build
[1.564s] running build_py
[1.564s] creating /home/manahmad/umd_loop_s1/build/robot_control_node/build
[1.565s] creating /home/manahmad/umd_loop_s1/build/robot_control_node/build/lib
[1.565s] creating /home/manahmad/umd_loop_s1/build/robot_control_node/build/lib/robot_control_node
[1.565s] copying robot_control_node/__init__.py -> /home/manahmad/umd_loop_s1/build/robot_control_node/build/lib/robot_control_node
[1.565s] copying robot_control_node/control.py -> /home/manahmad/umd_loop_s1/build/robot_control_node/build/lib/robot_control_node
[1.565s] running install
[1.571s] running install_lib
[1.597s] creating /home/manahmad/umd_loop_s1/install/robot_control_node/lib/python3.12/site-packages/robot_control_node
[1.597s] copying /home/manahmad/umd_loop_s1/build/robot_control_node/build/lib/robot_control_node/__init__.py -> /home/manahmad/umd_loop_s1/install/robot_control_node/lib/python3.12/site-packages/robot_control_node
[1.598s] copying /home/manahmad/umd_loop_s1/build/robot_control_node/build/lib/robot_control_node/control.py -> /home/manahmad/umd_loop_s1/install/robot_control_node/lib/python3.12/site-packages/robot_control_node
[1.599s] byte-compiling /home/manahmad/umd_loop_s1/install/robot_control_node/lib/python3.12/site-packages/robot_control_node/__init__.py to __init__.cpython-312.pyc
[1.599s] byte-compiling /home/manahmad/umd_loop_s1/install/robot_control_node/lib/python3.12/site-packages/robot_control_node/control.py to control.cpython-312.pyc
[1.600s] running install_data
[1.600s] creating /home/manahmad/umd_loop_s1/install/robot_control_node/share/ament_index
[1.601s] creating /home/manahmad/umd_loop_s1/install/robot_control_node/share/ament_index/resource_index
[1.601s] creating /home/manahmad/umd_loop_s1/install/robot_control_node/share/ament_index/resource_index/packages
[1.604s] copying resource/robot_control_node -> /home/manahmad/umd_loop_s1/install/robot_control_node/share/ament_index/resource_index/packages
[1.604s] copying package.xml -> /home/manahmad/umd_loop_s1/install/robot_control_node/share/robot_control_node
[1.604s] running install_egg_info
[1.630s] Copying ../../build/robot_control_node/robot_control_node.egg-info to /home/manahmad/umd_loop_s1/install/robot_control_node/lib/python3.12/site-packages/robot_control_node-0.0.0-py3.12.egg-info
[1.633s] running install_scripts
[1.811s] Installing vehicle_controller script to /home/manahmad/umd_loop_s1/install/robot_control_node/lib/robot_control_node
[1.812s] writing list of installed files to '/home/manahmad/umd_loop_s1/build/robot_control_node/install.log'
[1.850s] Invoked command in '/home/manahmad/umd_loop_s1/src/robot_control_node' returned '0': PYTHONPATH=/home/manahmad/umd_loop_s1/build/robot_control_node/prefix_override:/usr/lib/python3/dist-packages/colcon_core/task/python/colcon_distutils_commands:/home/manahmad/umd_loop_s1/install/robot_control_node/lib/python3.12/site-packages:${PYTHONPATH} /usr/bin/python3 -W ignore:setup.py install is deprecated -W ignore:easy_install command is deprecated setup.py egg_info --egg-base ../../build/robot_control_node build --build-base /home/manahmad/umd_loop_s1/build/robot_control_node/build install --record /home/manahmad/umd_loop_s1/build/robot_control_node/install.log --install-scripts $base/lib/robot_control_node --single-version-externally-managed install_data
