[1.215s] Invoking command in '/home/manahmad/umd_loop_s1/src/robot_control_node': PYTHONPATH=/home/manahmad/umd_loop_s1/build/robot_control_node/prefix_override:/usr/lib/python3/dist-packages/colcon_core/task/python/colcon_distutils_commands:/home/manahmad/umd_loop_s1/install/robot_control_node/lib/python3.12/site-packages:${PYTHONPATH} /usr/bin/python3 -W ignore:setup.py install is deprecated -W ignore:easy_install command is deprecated setup.py egg_info --egg-base ../../build/robot_control_node build --build-base /home/manahmad/umd_loop_s1/build/robot_control_node/build install --record /home/manahmad/umd_loop_s1/build/robot_control_node/install.log --install-scripts $base/lib/robot_control_node --single-version-externally-managed install_data
[1.616s] running egg_info
[1.641s] writing ../../build/robot_control_node/robot_control_node.egg-info/PKG-INFO
[1.642s] writing dependency_links to ../../build/robot_control_node/robot_control_node.egg-info/dependency_links.txt
[1.642s] writing entry points to ../../build/robot_control_node/robot_control_node.egg-info/entry_points.txt
[1.642s] writing requirements to ../../build/robot_control_node/robot_control_node.egg-info/requires.txt
[1.643s] writing top-level names to ../../build/robot_control_node/robot_control_node.egg-info/top_level.txt
[1.701s] reading manifest file '../../build/robot_control_node/robot_control_node.egg-info/SOURCES.txt'
[1.701s] adding license file 'LICENSE'
[1.701s] writing manifest file '../../build/robot_control_node/robot_control_node.egg-info/SOURCES.txt'
[1.701s] running build
[1.701s] running build_py
[1.705s] copying robot_control_node/control.py -> /home/manahmad/umd_loop_s1/build/robot_control_node/build/lib/robot_control_node
[1.705s] running install
[1.717s] running install_lib
[1.746s] copying /home/manahmad/umd_loop_s1/build/robot_control_node/build/lib/robot_control_node/control.py -> /home/manahmad/umd_loop_s1/install/robot_control_node/lib/python3.12/site-packages/robot_control_node
[1.749s]   File "/home/manahmad/umd_loop_s1/install/robot_control_node/lib/python3.12/site-packages/robot_control_node/control.py", line 50
[1.749s]     if self.bot_ranges not None:
[1.749s]                            ^^^^
[1.749s] SyntaxError: invalid syntax
[1.749s] 
[1.757s] byte-compiling /home/manahmad/umd_loop_s1/install/robot_control_node/lib/python3.12/site-packages/robot_control_node/control.py to control.cpython-312.pyc
[1.757s] running install_data
[1.757s] running install_egg_info
[1.780s] removing '/home/manahmad/umd_loop_s1/install/robot_control_node/lib/python3.12/site-packages/robot_control_node-0.0.0-py3.12.egg-info' (and everything under it)
[1.784s] Copying ../../build/robot_control_node/robot_control_node.egg-info to /home/manahmad/umd_loop_s1/install/robot_control_node/lib/python3.12/site-packages/robot_control_node-0.0.0-py3.12.egg-info
[1.785s] running install_scripts
[1.992s] Installing vehicle_controller script to /home/manahmad/umd_loop_s1/install/robot_control_node/lib/robot_control_node
[1.992s] writing list of installed files to '/home/manahmad/umd_loop_s1/build/robot_control_node/install.log'
[2.039s] Invoked command in '/home/manahmad/umd_loop_s1/src/robot_control_node' returned '0': PYTHONPATH=/home/manahmad/umd_loop_s1/build/robot_control_node/prefix_override:/usr/lib/python3/dist-packages/colcon_core/task/python/colcon_distutils_commands:/home/manahmad/umd_loop_s1/install/robot_control_node/lib/python3.12/site-packages:${PYTHONPATH} /usr/bin/python3 -W ignore:setup.py install is deprecated -W ignore:easy_install command is deprecated setup.py egg_info --egg-base ../../build/robot_control_node build --build-base /home/manahmad/umd_loop_s1/build/robot_control_node/build install --record /home/manahmad/umd_loop_s1/build/robot_control_node/install.log --install-scripts $base/lib/robot_control_node --single-version-externally-managed install_data
