[1.168s] Invoking command in '/home/manahmad/umd_loop_s1/src/robot_control_node': PYTHONPATH=/home/manahmad/umd_loop_s1/build/robot_control_node/prefix_override:/usr/lib/python3/dist-packages/colcon_core/task/python/colcon_distutils_commands:/home/manahmad/umd_loop_s1/install/robot_control_node/lib/python3.12/site-packages:${PYTHONPATH} /usr/bin/python3 -W ignore:setup.py install is deprecated -W ignore:easy_install command is deprecated setup.py egg_info --egg-base ../../build/robot_control_node build --build-base /home/manahmad/umd_loop_s1/build/robot_control_node/build install --record /home/manahmad/umd_loop_s1/build/robot_control_node/install.log --install-scripts $base/lib/robot_control_node --single-version-externally-managed install_data
[1.557s] running egg_info
[1.582s] writing ../../build/robot_control_node/robot_control_node.egg-info/PKG-INFO
[1.582s] writing dependency_links to ../../build/robot_control_node/robot_control_node.egg-info/dependency_links.txt
[1.582s] writing entry points to ../../build/robot_control_node/robot_control_node.egg-info/entry_points.txt
[1.582s] writing requirements to ../../build/robot_control_node/robot_control_node.egg-info/requires.txt
[1.583s] writing top-level names to ../../build/robot_control_node/robot_control_node.egg-info/top_level.txt
[1.635s] reading manifest file '../../build/robot_control_node/robot_control_node.egg-info/SOURCES.txt'
[1.638s] adding license file 'LICENSE'
[1.638s] writing manifest file '../../build/robot_control_node/robot_control_node.egg-info/SOURCES.txt'
[1.638s] running build
[1.639s] running build_py
[1.639s] copying robot_control_node/control.py -> /home/manahmad/umd_loop_s1/build/robot_control_node/build/lib/robot_control_node
[1.639s] running install
[1.646s] running install_lib
[1.673s] copying /home/manahmad/umd_loop_s1/build/robot_control_node/build/lib/robot_control_node/control.py -> /home/manahmad/umd_loop_s1/install/robot_control_node/lib/python3.12/site-packages/robot_control_node
[1.674s] byte-compiling /home/manahmad/umd_loop_s1/install/robot_control_node/lib/python3.12/site-packages/robot_control_node/control.py to control.cpython-312.pyc
[1.674s] running install_data
[1.675s] running install_egg_info
[1.701s] removing '/home/manahmad/umd_loop_s1/install/robot_control_node/lib/python3.12/site-packages/robot_control_node-0.0.0-py3.12.egg-info' (and everything under it)
[1.702s] Copying ../../build/robot_control_node/robot_control_node.egg-info to /home/manahmad/umd_loop_s1/install/robot_control_node/lib/python3.12/site-packages/robot_control_node-0.0.0-py3.12.egg-info
[1.705s] running install_scripts
[1.893s] Installing vehicle_controller script to /home/manahmad/umd_loop_s1/install/robot_control_node/lib/robot_control_node
[1.893s] writing list of installed files to '/home/manahmad/umd_loop_s1/build/robot_control_node/install.log'
[1.934s] Invoked command in '/home/manahmad/umd_loop_s1/src/robot_control_node' returned '0': PYTHONPATH=/home/manahmad/umd_loop_s1/build/robot_control_node/prefix_override:/usr/lib/python3/dist-packages/colcon_core/task/python/colcon_distutils_commands:/home/manahmad/umd_loop_s1/install/robot_control_node/lib/python3.12/site-packages:${PYTHONPATH} /usr/bin/python3 -W ignore:setup.py install is deprecated -W ignore:easy_install command is deprecated setup.py egg_info --egg-base ../../build/robot_control_node build --build-base /home/manahmad/umd_loop_s1/build/robot_control_node/build install --record /home/manahmad/umd_loop_s1/build/robot_control_node/install.log --install-scripts $base/lib/robot_control_node --single-version-externally-managed install_data
